// Vitest Snapshot v1, https://vitest.dev/guide/snapshot.html

exports[`SplashScreen > should match snapshot in default state 1`] = `
<DocumentFragment>
  <div
    class="splashContainer"
  >
    <div
      data-testid="logo"
    />
    <div
      data-testid="loading"
    />
  </div>
</DocumentFragment>
`;
