// Vitest Snapshot v1, https://vitest.dev/guide/snapshot.html

exports[`ResponsiveDialog Component > should match snapshot in default state 1`] = `
<DocumentFragment>
  <div
    class="backdrop-class"
  />
  <div
    aria-labelledby="dialog-title"
    aria-modal="true"
    class="wrapper-class"
  >
    <div
      class="container-class"
      data-testid="dialog-container"
    >
      <div
        class="title-container-class"
      >
        <h3
          class="title-class"
          id="dialog-title"
        >
          Test Dialog
        </h3>
        <button
          aria-label="Close"
          class="close-button-class"
        >
          <svg
            class="h-6 w-6"
            fill="none"
            stroke="currentColor"
            viewBox="0 0 24 24"
            xmlns="http://www.w3.org/2000/svg"
          >
            <path
              d="M6 18L18 6M6 6l12 12"
              stroke-linecap="round"
              stroke-linejoin="round"
              stroke-width="2"
            />
          </svg>
        </button>
      </div>
      <div
        class="child-container-class"
      >
        <div
          data-testid="test-children"
        >
          Dialog Content
        </div>
      </div>
      <div
        class="footer-container-class"
      >
        <div
          data-testid="test-footer"
        >
          Footer Content
        </div>
      </div>
    </div>
  </div>
</DocumentFragment>
`;
