// Vitest Snapshot v1, https://vitest.dev/guide/snapshot.html

exports[`LoadingMask > should match snapshot when loading is visible 1`] = `
<DocumentFragment>
  <div
    class="mask-mock"
  >
    <div
      data-testid="loading"
    />
  </div>
</DocumentFragment>
`;

exports[`LoadingMask > should match snapshot when not loading 1`] = `<DocumentFragment />`;
